---
source: src/config_generator/from_proto.rs
expression: "from_proto(vec![set], \"Query\").to_sdl()"
---
schema @server @upstream {
  query: Query
}

type News @tag(id: "News") {
  body: String
  id: Int
  post_image: String
  title: String
}

type NewsList @tag(id: "NewsList") {
  news: [News]
}

type Query {
  getAllNews: NewsList! @grpc(method: "NewsService.GetAllNews")
}
