---
source: src/config_generator/from_proto.rs
expression: result
---
schema @server @upstream {
  query: Query
}

input GREETINGS_A_HelloRequest @tag(id: "greetings_a.HelloRequest") {
  name: String
}

input GREETINGS_B_HelloRequest @tag(id: "greetings_b.HelloRequest") {
  name: String
}

input NEWS_Author @tag(id: "news.Author") {
  email: String
  name: String
}

input NEWS_MultipleNewsId @tag(id: "news.MultipleNewsId") {
  ids: [NEWS_NewsId]
}

input NEWS_News @tag(id: "news.News") {
  author: NEWS_Author
  body: String
  foo: NEWS_Status
  id: Int
  postImage: String
  title: String
}

input NEWS_NewsId @tag(id: "news.NewsId") {
  id: Int
}

enum NEWS_Status @tag(id: "news.Status") {
  DRAFT
  PUBLISHED
}

type GREETINGS_A_HelloReply @tag(id: "greetings_a.HelloReply") {
  message: String
}

type GREETINGS_B_HelloReply @tag(id: "greetings_b.HelloReply") {
  message: String
}

type NEWS_NewsList @tag(id: "news.NewsList") {
  news: [NEWS_News]
}

type Query {
  greetings_a_sayHello(helloRequest: GREETINGS_A_HelloRequest!): GREETINGS_A_HelloReply! @grpc(method: "greetings_a.Greeter.SayHello")
  greetings_b_sayHello(helloRequest: GREETINGS_B_HelloRequest!): GREETINGS_B_HelloReply! @grpc(method: "greetings_b.Greeter.SayHello")
  news_addNews(news: NEWS_News!): NEWS_News! @grpc(method: "news.NewsService.AddNews")
  news_deleteNews(newsId: NEWS_NewsId!): String @grpc(method: "news.NewsService.DeleteNews")
  news_editNews(news: NEWS_News!): NEWS_News! @grpc(method: "news.NewsService.EditNews")
  news_getAllNews: NEWS_NewsList! @grpc(method: "news.NewsService.GetAllNews")
  news_getMultipleNews(multipleNewsId: NEWS_MultipleNewsId!): NEWS_NewsList! @grpc(method: "news.NewsService.GetMultipleNews")
  news_getNews(newsId: NEWS_NewsId!): NEWS_News! @grpc(method: "news.NewsService.GetNews")
}
