---
source: src/core/jit/builder.rs
expression: plan.into_nested()
---
[
    Field {
        id: 0,
        name: "user",
        ir: "Some(..)",
        type_of: User,
        args: [
            Arg {
                id: 0,
                name: "id",
                type_of: ID!,
                value: Some(
                    Number(
                        Number(1),
                    ),
                ),
                default_value: None,
            },
        ],
        extensions: Some(
            Nested(
                [
                    Field {
                        id: 1,
                        name: "name",
                        type_of: String!,
                        directives: [],
                    },
                    Field {
                        id: 2,
                        name: "email",
                        type_of: String!,
                        directives: [],
                    },
                    Field {
                        id: 3,
                        name: "phone",
                        type_of: String,
                        directives: [],
                    },
                ],
            ),
        ),
        directives: [],
    },
]
