---
source: src/core/jit/builder.rs
expression: plan.into_nested()
---
[
    Field {
        id: 0,
        name: "createPost",
        output_name: "createPost",
        ir: "Some(..)",
        type_of: Post,
        type_condition: Some(
            "Mutation",
        ),
        args: [
            Arg {
                id: 0,
                name: "post",
                type_of: InputPost!,
                value: Some(
                    Object(
                        {
                            Name(
                                "userId",
                            ): Number(
                                Number(123),
                            ),
                            Name(
                                "title",
                            ): String(
                                "tailcall",
                            ),
                            Name(
                                "body",
                            ): String(
                                "tailcall test",
                            ),
                            Name(
                                "id",
                            ): Number(
                                Number(101),
                            ),
                        },
                    ),
                ),
                default_value: None,
            },
        ],
        extensions: Some(
            Nested(
                [
                    Field {
                        id: 1,
                        name: "id",
                        output_name: "id",
                        type_of: ID!,
                        type_condition: Some(
                            "Post",
                        ),
                        directives: [],
                    },
                ],
            ),
        ),
        directives: [],
    },
]
