---
source: src/core/jit/builder.rs
expression: plan.into_nested()
---
[
    Field {
        id: 0,
        name: "getUserIdOrEmail",
        ir: "Some(..)",
        type_of: UserIdOrEmail,
        type_condition: "Query",
        args: [
            Arg {
                id: 0,
                name: "id",
                type_of: ID!,
                value: Some(
                    Number(
                        Number(1),
                    ),
                ),
                default_value: None,
            },
        ],
        extensions: Some(
            Nested(
                [
                    Field {
                        id: 1,
                        name: "id",
                        type_of: ID!,
                        type_condition: "UserId",
                        is_scalar: true,
                        directives: [],
                        alias: None,
                    },
                    Field {
                        id: 2,
                        name: "email",
                        type_of: String!,
                        type_condition: "UserEmail",
                        is_scalar: true,
                        directives: [],
                        alias: None,
                    },
                ],
            ),
        ),
        is_scalar: false,
        directives: [],
        alias: None,
    },
]
