---
source: src/core/config/transformer/subgraph.rs
expression: keys
snapshot_kind: text
---
Valid(
    Err(
        ValidationError(
            [
                Cause {
                    message: "Type resolver can't use `.args`, use `.value` instead",
                    description: None,
                    trace: [
                        "http",
                        "url",
                    ],
                },
                Cause {
                    message: "Type resolver can't use `.args`, use `.value` instead",
                    description: None,
                    trace: [
                        "http",
                        "query",
                    ],
                },
            ],
        ),
    ),
)
