---
source: src/core/config/transformer/union_input_type.rs
expression: config.to_sdl()
---
schema @server @upstream {
  query: Query
}

input NNU__nu0 {
  new: Boolean
  nu: NU__u0
  other: Int
}

input NNU__nu1 {
  new: Boolean
  nu: NU__u1
  other: Int
}

input NNU__nu2 {
  new: Boolean
  nu: NU__u2
  other: Int
}

input NU__u0 {
  test: String
  u: T1
}

input NU__u1 {
  test: String
  u: T2
}

input NU__u2 {
  test: String
  u: T3
}

input T1 {
  t1: String
}

input T2 {
  t2: Int
}

input T3 {
  t3: Boolean
  t33: Float!
}

union U = T1 | T2 | T3

type NNU {
  new: Boolean
  nu: NU
  other: Int
}

type NU {
  test: String
  u: U
}

type Query {
  testVar0Var0(nnu: NNU__nu0, nu: NU__u0!): U @http(baseURL: "http://localhost", path: "/users/{{args.nu.u}}")
  testVar0Var1(nnu: NNU__nu0, nu: NU__u1!): U @http(baseURL: "http://localhost", path: "/users/{{args.nu.u}}")
  testVar0Var2(nnu: NNU__nu0, nu: NU__u2!): U @http(baseURL: "http://localhost", path: "/users/{{args.nu.u}}")
  testVar1Var0(nnu: NNU__nu1, nu: NU__u0!): U @http(baseURL: "http://localhost", path: "/users/{{args.nu.u}}")
  testVar1Var1(nnu: NNU__nu1, nu: NU__u1!): U @http(baseURL: "http://localhost", path: "/users/{{args.nu.u}}")
  testVar1Var2(nnu: NNU__nu1, nu: NU__u2!): U @http(baseURL: "http://localhost", path: "/users/{{args.nu.u}}")
  testVar2Var0(nnu: NNU__nu2, nu: NU__u0!): U @http(baseURL: "http://localhost", path: "/users/{{args.nu.u}}")
  testVar2Var1(nnu: NNU__nu2, nu: NU__u1!): U @http(baseURL: "http://localhost", path: "/users/{{args.nu.u}}")
  testVar2Var2(nnu: NNU__nu2, nu: NU__u2!): U @http(baseURL: "http://localhost", path: "/users/{{args.nu.u}}")
}
