---
source: src/core/config/transformer/rename_types.rs
expression: cfg.to_sdl()
---
schema @server @upstream {
  query: PostQuery
}

input InputUser {
  name: String
  username: String
}

type Post {
  body: String
  id: ID!
  title: String
}

type PostQuery {
  posts: [Post] @http(path: "/posts")
}

type User {
  id: ID!
  name: String
}

type UserMutation {
  createUser(user: InputUser!): User @http(body: "{{args.user}}", method: "POST", path: "/users")
}
