---
source: src/core/config/transformer/improve_type_names.rs
expression: config.to_sdl()
---
schema @server @upstream {
  query: Query
}

type Post {
  title: String
  userInfo: User
}

type Profile {
  userProfile: User
}

type Query {
  post: Post
  profile: Profile
  user: User
}

type User {
  id: ID
  name: String
}
