---
source: src/core/config/transformer/merge_types/type_merger.rs
expression: config.to_sdl()
snapshot_kind: text
---
schema @server @upstream {
  query: Query
}

union FooBar = Foo | GEN__M1

type Foo {
  a: String
  bar: String
  foo: String
}

type GEN__M1 {
  bar: String
}

type Query {
  foo: FooBar @http(url: "http://jsonplacheholder.typicode.com/foo")
}
