---
source: src/core/ir/jit/builder.rs
expression: plan
---
ExecutionPlan {
    fields: [
        Field {
            id: 1,
            name: "posts",
            ir: "Some(..)",
            type_of: [Post],
        },
        Field {
            id: 2,
            name: "user",
            ir: "Some(..)",
            type_of: User,
            refs: Some(
                Parent(1),
            ),
        },
        Field {
            id: 3,
            name: "id",
            type_of: Int!,
            refs: Some(
                Parent(2),
            ),
        },
    ],
}
