---
source: src/core/ir/jit/mod.rs
expression: plan
---
ExecutionPlan {
    fields: [
        Field {
            id: 0,
            name: "createPost",
            ir: "Some(..)",
            type_of: Post,
            args: [
                Arg {
                    id: 0,
                    name: "post",
                    type_of: InputPost!,
                    value: Some(
                        Object(
                            {
                                Name(
                                    "userId",
                                ): Number(
                                    Number(123),
                                ),
                                Name(
                                    "title",
                                ): String(
                                    "tailcall",
                                ),
                                Name(
                                    "body",
                                ): String(
                                    "tailcall test",
                                ),
                            },
                        ),
                    ),
                    default_value: None,
                },
            ],
        },
        Field {
            id: 1,
            name: "id",
            type_of: Int!,
            refs: Some(
                Parent(0),
            ),
        },
    ],
}
