---
source: src/core/generator/json/upstream_base_url_generator.rs
expression: transformed_config.to_sdl()
---
schema @server @upstream(baseURL: "https://jsonplaceholder.typicode.com") {
  query: Query
}

type Query {
  f1: [Int] @http(path: "/users")
  f2: [Int] @http(path: "/post")
  f3: [Int] @http(path: "/todos")
}
