---
source: src/core/generator/json/upstream_base_url_generator.rs
expression: transformed_config.to_sdl()
---
schema @server @upstream {
  query: Query
}

type Query {
  f1: [Int] @http(baseURL: "https://jsonplaceholder-1.typicode.com", path: "/users")
  f2: [Int] @http(baseURL: "https://jsonplaceholder-2.typicode.com", path: "/post")
  f3: [Int] @http(baseURL: "https://jsonplaceholder-3.typicode.com", path: "/todos")
}
