---
source: src/query_plan/plan.rs
expression: req_plan
---
Complex {
    field_plan: FieldPlan {
        resolver: None,
    },
    children: {
        Name(
            "posts",
        ): Complex {
            field_plan: FieldPlan {
                resolver: Some(
                    "Http",
                ),
            },
            children: {
                Name(
                    "title",
                ): Scalar(
                    FieldPlan {
                        resolver: None,
                    },
                ),
                Name(
                    "body",
                ): Scalar(
                    FieldPlan {
                        resolver: None,
                    },
                ),
                Name(
                    "user",
                ): Complex {
                    field_plan: FieldPlan {
                        resolver: Some(
                            "Http",
                        ),
                    },
                    children: {
                        Name(
                            "name",
                        ): Scalar(
                            FieldPlan {
                                resolver: None,
                            },
                        ),
                        Name(
                            "username",
                        ): Scalar(
                            FieldPlan {
                                resolver: None,
                            },
                        ),
                    },
                },
            },
        },
    },
}
