---
source: src/query_plan/tests.rs
expression: operation_plan
---
OperationPlan
    fields:
        [posts](by 0)
            title
            body
            user(by 1)
                name
                username
                website(by 2)

    selections:
        Resolver(2):

        Resolver(1):
                name
                username

        Resolver(0):
                title
                body
