---
source: src/query_plan/plan.rs
expression: execution_plan
---
ExecutionPlan
    fields:
        posts(Some(Id(0))):
            title(None):
                Scalar
            body(None):
                Scalar
            user(Some(Id(1))):
                name(None):
                    Scalar
                username(None):
                    Scalar
                website(Some(Id(2))):
                    Scalar



    selections:
        Resolver(2):

        Resolver(1):
                name
                username

        Resolver(0):
                title
                body
