---
source: src/core/generator/from_proto.rs
expression: result
snapshot_kind: text
---
schema @server @upstream {
  query: Query
}

  """
  Defines a person
  """
type GEN__person__Person {
  email: String
  id: Int!
  name: String!
  phone: [person__PhoneNumber]
  stringMap: JSON
}

type Query {
  GEN__person__PersonService__GetPerson: GEN__person__Person @grpc(url: "http://localhost:50051", method: "person.PersonService.GetPerson")
}

  """
  Defines a phone number
  """
type person__PhoneNumber {
  number: String!
  type: String
}
