---
source: src/core/generator/from_json.rs
expression: config.to_sdl()
---
schema @server @upstream(baseURL: "https://example.com") {
  query: Query
}

type Age {
  age: Int
}

type Campaign {
  campaignTemplates: JSON
  colors: [JSON]
}

type Container {
  container: T7
}

type Employee {
  people: [Entity]
}

type Entity {
  age: Int
  children: [Person]
  name: String
}

type Person {
  age: Int
  name: String
}

type Query {
  f1: Campaign @http(path: "/")
  f2: [JSON] @http(path: "/api/v2/users")
  f3(children: Boolean): Employee @http(path: "/users", query: [{key: "children", value: "{{.args.children}}"}])
  f4: Container @http(path: "/")
  f5: JSON @http(path: "/")
}

type T6 {
  container: Age
  name: String
}

type T7 {
  container: T6
  name: String
}
