---
source: src/core/generator/generator.rs
expression: cfg_module.config().to_sdl()
---
schema @server @upstream(allowedHeaders: ["authorization"]) {
  query: Query
}

type InCompatibleProperty {
  campaignTemplates: JSON
  colors: [JSON]
}

type Query {
  inCompatibleObjects: [JSON] @http(url: "http://example.com/api/v2/users")
  inCompatibleProperties: InCompatibleProperty @http(url: "http://example.com/")
  userData: [Userdatum] @http(url: "http://example.com/users")
}

type Userdatum {
  adult: Boolean
  age: Int
  name: String
}
