---
source: src/core/generator/generator.rs
expression: cfg_module.config().to_sdl()
---
schema @server @upstream(baseURL: "https://example.com") {
  query: Query
}

type Campaign {
  campaignTemplates: JSON
  colors: [JSON]
}

type Query {
  f1: Campaign @http(path: "/")
  f2: [JSON] @http(path: "/api/v2/users")
  f3: [User] @http(path: "/users")
}

type User {
  adult: Boolean
  age: Int
  name: String
}
