---
source: src/core/generator/from_proto.rs
expression: result
---
schema @server @upstream {
  query: Query
}

input greetings__HelloRequest {
  name: String
}

input greetings_a__b__HelloRequest {
  name: String
}

input news__MultipleNewsId {
  ids: [news__NewsId]!
}

input news__News {
  body: String
  id: Int
  postImage: String
  status: news__Status
  title: String
}

input news__NewsId {
  id: Int
}

enum news__Status {
  DELETED
  DRAFT
  PUBLISHED
}

type Query {
  greetings_a__b__Greeter__SayHello(helloRequest: greetings_a__b__HelloRequest!): greetings_a__b__HelloReply! @grpc(method: "greetings_a.b.Greeter.SayHello")
  greetings_b__c__Greeter__SayHello(helloRequest: greetings__HelloRequest!): greetings__HelloReply! @grpc(method: "greetings_b.c.Greeter.SayHello")
  news__NewsService__AddNews(news: news__News!): news__News! @grpc(method: "news.NewsService.AddNews")
  news__NewsService__DeleteNews(newsId: news__NewsId!): Empty! @grpc(method: "news.NewsService.DeleteNews")
  news__NewsService__EditNews(news: news__News!): news__News! @grpc(method: "news.NewsService.EditNews")
  news__NewsService__GetAllNews: news__NewsList! @grpc(method: "news.NewsService.GetAllNews")
  news__NewsService__GetMultipleNews(multipleNewsId: news__MultipleNewsId!): news__NewsList! @grpc(method: "news.NewsService.GetMultipleNews")
  news__NewsService__GetNews(newsId: news__NewsId!): news__News! @grpc(method: "news.NewsService.GetNews")
}

type greetings__HelloReply {
  message: String
}

type greetings_a__b__HelloReply {
  message: String
}

type news__NewsList {
  news: [news__News]!
}
