---
source: src/core/generator/from_proto.rs
expression: result
snapshot_kind: text
---
schema @server @upstream {
  query: Query
}

type GEN__News {
  body: String
  id: Int
  postImage: String
  title: String
}

type GEN__NewsList {
  news: [GEN__News]
}

type Query {
  GEN__NewsService__GetAllNews: GEN__NewsList @grpc(url: "http://localhost:50051", method: "NewsService.GetAllNews")
}
