---
source: src/core/generator/from_proto.rs
expression: result
snapshot_kind: text
---
schema @server @upstream {
  query: Query
}

input GEN__greetings__HelloRequest {
  name: String
}

type GEN__greetings__HelloReply {
  message: String
}

type Query {
  GEN__greetings__Greeter__SayHello(helloRequest: GEN__greetings__HelloRequest!): GEN__greetings__HelloReply @grpc(url: "http://localhost:50051", body: "{{.args.helloRequest}}", method: "greetings.Greeter.SayHello")
}
