---
source: src/core/generator/from_json.rs
expression: config.to_sdl()
---
schema @server @upstream(baseURL: "https://example.com") {
  query: Query
}

scalar Any

type Children {
  age: Int
  name: String
}

type Container {
  age: Int
}

type F2 {
  campaignTemplates: Any
  colors: [Any]
}

type F4 {
  people: [People]
}

type F5 {
  container: T8
}

type People {
  age: Int
  children: [Children]
  name: String
}

type Query {
  f2: F2 @http(path: "/")
  f3: [Any] @http(path: "/api/v2/users")
  f4(children: Boolean): F4 @http(path: "/users", query: [{key: "children", value: "{{.args.children}}"}])
  f5: F5 @http(path: "/")
  f6: Any @http(path: "/")
}

type T7 {
  container: Container
  name: String
}

type T8 {
  container: T7
  name: String
}
