---
source: query_plan/tests/execution.rs
expression: result
---
{
  "posts": [
    {
      "title": "sunt aut facere repellat provident occaecati excepturi optio reprehenderit"
    },
    {
      "title": "qui est esse"
    },
    {
      "title": "ea molestias quasi exercitationem repellat qui ipsa sit aut"
    },
    {
      "title": "eum et est occaecati"
    },
    {
      "title": "nesciunt quas odio"
    },
    {
      "title": "dolorem eum magni eos aperiam quia"
    },
    {
      "title": "magnam facilis autem"
    },
    {
      "title": "dolorem dolore est ipsam"
    },
    {
      "title": "nesciunt iure omnis dolorem tempora et accusantium"
    },
    {
      "title": "optio molestias id quia eum"
    },
    {
      "title": "et ea vero quia laudantium autem"
    },
    {
      "title": "in quibusdam tempore odit est dolorem"
    },
    {
      "title": "dolorum ut in voluptas mollitia et saepe quo animi"
    },
    {
      "title": "voluptatem eligendi optio"
    },
    {
      "title": "eveniet quod temporibus"
    },
    {
      "title": "sint suscipit perspiciatis velit dolorum rerum ipsa laboriosam odio"
    },
    {
      "title": "fugit voluptas sed molestias voluptatem provident"
    },
    {
      "title": "voluptate et itaque vero tempora molestiae"
    },
    {
      "title": "adipisci placeat illum aut reiciendis qui"
    },
    {
      "title": "doloribus ad provident suscipit at"
    },
    {
      "title": "asperiores ea ipsam voluptatibus modi minima quia sint"
    },
    {
      "title": "dolor sint quo a velit explicabo quia nam"
    },
    {
      "title": "maxime id vitae nihil numquam"
    },
    {
      "title": "autem hic labore sunt dolores incidunt"
    },
    {
      "title": "rem alias distinctio quo quis"
    },
    {
      "title": "est et quae odit qui non"
    },
    {
      "title": "quasi id et eos tenetur aut quo autem"
    },
    {
      "title": "delectus ullam et corporis nulla voluptas sequi"
    },
    {
      "title": "iusto eius quod necessitatibus culpa ea"
    },
    {
      "title": "a quo magni similique perferendis"
    },
    {
      "title": "ullam ut quidem id aut vel consequuntur"
    },
    {
      "title": "doloremque illum aliquid sunt"
    },
    {
      "title": "qui explicabo molestiae dolorem"
    },
    {
      "title": "magnam ut rerum iure"
    },
    {
      "title": "id nihil consequatur molestias animi provident"
    },
    {
      "title": "fuga nam accusamus voluptas reiciendis itaque"
    },
    {
      "title": "provident vel ut sit ratione est"
    },
    {
      "title": "explicabo et eos deleniti nostrum ab id repellendus"
    },
    {
      "title": "eos dolorem iste accusantium est eaque quam"
    },
    {
      "title": "enim quo cumque"
    },
    {
      "title": "non est facere"
    },
    {
      "title": "commodi ullam sint et excepturi error explicabo praesentium voluptas"
    },
    {
      "title": "eligendi iste nostrum consequuntur adipisci praesentium sit beatae perferendis"
    },
    {
      "title": "optio dolor molestias sit"
    },
    {
      "title": "ut numquam possimus omnis eius suscipit laudantium iure"
    },
    {
      "title": "aut quo modi neque nostrum ducimus"
    },
    {
      "title": "quibusdam cumque rem aut deserunt"
    },
    {
      "title": "ut voluptatem illum ea doloribus itaque eos"
    },
    {
      "title": "laborum non sunt aut ut assumenda perspiciatis voluptas"
    },
    {
      "title": "repellendus qui recusandae incidunt voluptates tenetur qui omnis exercitationem"
    },
    {
      "title": "soluta aliquam aperiam consequatur illo quis voluptas"
    },
    {
      "title": "qui enim et consequuntur quia animi quis voluptate quibusdam"
    },
    {
      "title": "ut quo aut ducimus alias"
    },
    {
      "title": "sit asperiores ipsam eveniet odio non quia"
    },
    {
      "title": "sit vel voluptatem et non libero"
    },
    {
      "title": "qui et at rerum necessitatibus"
    },
    {
      "title": "sed ab est est"
    },
    {
      "title": "voluptatum itaque dolores nisi et quasi"
    },
    {
      "title": "qui commodi dolor at maiores et quis id accusantium"
    },
    {
      "title": "consequatur placeat omnis quisquam quia reprehenderit fugit veritatis facere"
    },
    {
      "title": "voluptatem doloribus consectetur est ut ducimus"
    },
    {
      "title": "beatae enim quia vel"
    },
    {
      "title": "voluptas blanditiis repellendus animi ducimus error sapiente et suscipit"
    },
    {
      "title": "et fugit quas eum in in aperiam quod"
    },
    {
      "title": "consequatur id enim sunt et et"
    },
    {
      "title": "repudiandae ea animi iusto"
    },
    {
      "title": "aliquid eos sed fuga est maxime repellendus"
    },
    {
      "title": "odio quis facere architecto reiciendis optio"
    },
    {
      "title": "fugiat quod pariatur odit minima"
    },
    {
      "title": "voluptatem laborum magni"
    },
    {
      "title": "et iusto veniam et illum aut fuga"
    },
    {
      "title": "sint hic doloribus consequatur eos non id"
    },
    {
      "title": "consequuntur deleniti eos quia temporibus ab aliquid at"
    },
    {
      "title": "enim unde ratione doloribus quas enim ut sit sapiente"
    },
    {
      "title": "dignissimos eum dolor ut enim et delectus in"
    },
    {
      "title": "doloremque officiis ad et non perferendis"
    },
    {
      "title": "necessitatibus quasi exercitationem odio"
    },
    {
      "title": "quam voluptatibus rerum veritatis"
    },
    {
      "title": "pariatur consequatur quia magnam autem omnis non amet"
    },
    {
      "title": "labore in ex et explicabo corporis aut quas"
    },
    {
      "title": "tempora rem veritatis voluptas quo dolores vero"
    },
    {
      "title": "laudantium voluptate suscipit sunt enim enim"
    },
    {
      "title": "odit et voluptates doloribus alias odio et"
    },
    {
      "title": "optio ipsam molestias necessitatibus occaecati facilis veritatis dolores aut"
    },
    {
      "title": "dolore veritatis porro provident adipisci blanditiis et sunt"
    },
    {
      "title": "placeat quia et porro iste"
    },
    {
      "title": "nostrum quis quasi placeat"
    },
    {
      "title": "sapiente omnis fugit eos"
    },
    {
      "title": "sint soluta et vel magnam aut ut sed qui"
    },
    {
      "title": "ad iusto omnis odit dolor voluptatibus"
    },
    {
      "title": "aut amet sed"
    },
    {
      "title": "ratione ex tenetur perferendis"
    },
    {
      "title": "beatae soluta recusandae"
    },
    {
      "title": "qui qui voluptates illo iste minima"
    },
    {
      "title": "id minus libero illum nam ad officiis"
    },
    {
      "title": "quaerat velit veniam amet cupiditate aut numquam ut sequi"
    },
    {
      "title": "quas fugiat ut perspiciatis vero provident"
    },
    {
      "title": "laboriosam dolor voluptates"
    },
    {
      "title": "temporibus sit alias delectus eligendi possimus magni"
    },
    {
      "title": "at nam consequatur ea labore ea harum"
    }
  ]
}
