---
source: src/core/generator/tests/config_generator_spec.rs
expression: config.to_sdl()
---
schema @server @upstream(baseURL: "https://dummyjson.com") {
  query: Query
}

type Query {
  quote(p1: Int!): Quote @http(path: "/quotes/{{.args.p1}}")
  quoteList: QuoteList @http(path: "/quotes")
  randomQuotes(p1: Int!): [Quote] @http(path: "/quotes/random/{{.args.p1}}")
}

type Quote {
  author: String
  id: Int
  quote: String
}

type QuoteList {
  limit: Int
  quotes: [Quote]
  skip: Int
  total: Int
}
