---
source: src/core/generator/tests/json_to_config_spec.rs
expression: config.to_sdl()
---
schema @server @upstream(baseURL: "https://example.com") {
  query: Query
}

type Container {
  age: Int
}

type Query {
  f1: RootType1 @http(path: "/")
}

type RootType1 {
  container: T3
}

type T2 {
  container: Container
  name: String
}

type T3 {
  container: T2
  name: String
}
