---
source: src/core/generator/tests/json_to_config_spec.rs
expression: cfg.to_sdl()
---
schema @server @upstream {
  query: Query
}

type Query {
  login: T1 @http(baseURL: "https://dummyjson.com", path: "/auth/login")
}

type T1 {
  email: String
  firstName: String
  gender: String
  id: Int
  image: String
  lastName: String
  refreshToken: String
  token: String
  username: String
}
