---
source: src/core/generator/tests/json_to_config_spec.rs
expression: config.to_sdl()
---
schema @server @upstream {
  query: Query
}

type Query {
  f1: T5 @http(baseURL: "https://example.com", path: "/")
}

type T2 {
  age: Int
}

type T3 {
  container: T2
  name: String
}

type T4 {
  container: T3
  name: String
}

type T5 {
  container: T4
}
