---
source: src/core/generator/tests/json_to_config_spec.rs
expression: config.to_sdl()
---
schema @server @upstream(baseURL: "https://example.com") {
  query: Query
}

type Query {
  root1(verified_user: Boolean): Int @http(path: "/users", query: [{key: "verified_user", value: "{{.args.verified_user}}"}])
}
