---
source: src/core/generator/tests/json_to_config_spec.rs
expression: config.to_sdl()
---
schema @server @upstream {
  query: Query
}

type Children {
  age: Int
  name: String
}

type People {
  age: Int
  children: [Children]
  name: String
}

type Query {
  f1(children: Boolean): T3 @http(baseURL: "https://example.com", path: "/users", query: [{key: "children", value: "{{.args.children}}"}])
}

type T3 {
  people: [People]
}
