---
source: tests/core/spec.rs
expression: merged
---
schema @upstream(baseURL: "http://jsonplaceholder.typicode.com", batch: {delay: 0, maxSize: 100}, httpCache: true) {
  query: Query
}

type Query {
  user(id: Int!): User @http(path: "/users/{{.args.id}}")
}

type User {
  id: Int
  name: String
  username: String
}
