---
source: tests/core/spec.rs
expression: formatter
snapshot_kind: text
---
schema
  @server
  @upstream(batch: {delay: 0, headers: [], maxSize: 100}, httpCache: 42)
  @link(src: "schema_0.graphql", type: Config) {
  query: Query
}

type Query {
  user(id: Int!): User @http(url: "http://jsonplaceholder.typicode.com/users/{{.args.id}}")
}

type User {
  id: Int
  name: String
  username: String
}
