---
source: tests/core/spec.rs
expression: formatted
snapshot_kind: text
---
type Comment {
  id: Int
}

type Post {
  body: String
  id: Int
  title: String
  userId: Int!
}

type Query {
  users: [User]
}

type User {
  comments: [Comment]
  id: Int!
  name: String!
  posts: [Post]
}

schema {
  query: Query
}
