---
source: tests/core/spec.rs
expression: formatter
---
schema
  @server(enableFederation: false, port: 8000)
  @upstream(baseURL: "http://jsonplaceholder.typicode.com", batch: {delay: 100, headers: []}, httpCache: 42) {
  query: Query
}

type Post @expr(body: {id: "{{.value.id}}", title: "post-title-{{.value.id}}"}) {
  id: Int!
  title: String!
}

type Query {
  user(id: Int!): User @http(path: "/users/{{.args.id}}")
}

type User @call(steps: [{query: "user", args: {id: "{{.value.id}}"}}]) {
  id: Int!
  name: String!
}
