---
source: tests/core/spec.rs
expression: response
snapshot_kind: text
---
{
  "status": 200,
  "headers": {
    "content-type": "application/json"
  },
  "body": {
    "data": {
      "_service": {
        "sdl": "schema {\n  query: Query\n}\n\ntype Post {\n  id: Int!\n  title: String! @external\n}\n\ntype Query {\n  _service: _Service!\n  user(id: Int!): User\n}\n\ntype User @tag(name: \"team-accounts\") {\n  id: Int!\n  name: String! @shareable\n}\n\ntype _Service {\n  sdl: String\n}\nextend schema @link(\n\turl: \"https://specs.apollo.dev/federation/v2.3\",\n\timport: [\"@key\", \"@tag\", \"@shareable\", \"@inaccessible\", \"@override\", \"@external\", \"@provides\", \"@requires\", \"@composeDirective\", \"@interfaceObject\"]\n)\n"
      }
    }
  }
}
