---
source: tests/core/spec.rs
expression: response
---
{
  "status": 200,
  "headers": {
    "content-type": "application/json"
  },
  "body": {
    "data": null,
    "errors": [
      {
        "message": "Build error: ResolveInputError: Argument `height` for field `featuredVideoPreview.video` is required"
      }
    ]
  }
}
