---
source: tests/core/spec.rs
expression: formatted
---
type NodeA implements NodeC {
  name: String
  nodeA_id: String
}

type NodeB implements NodeC {
  name: String
  nodeB_id: String
}

interface NodeC {
  name: String
}

type Query {
  queryNodeA: [NodeA!]
  queryNodeB: [NodeB!]
  queryNodeC: [NodeC!]
}

schema {
  query: Query
}
