---
source: tests/core/spec.rs
expression: response
snapshot_kind: text
---
{
  "status": 200,
  "headers": {
    "content-type": "application/json"
  },
  "body": {
    "data": {
      "me": {
        "id": 1,
        "name": "John Smith",
        "birthday": "2023-03-08T12:45:26-05:00"
      },
      "__type": {
        "name": "User",
        "fields": [
          {
            "name": "birthday",
            "type": {
              "name": "Date"
            }
          },
          {
            "name": "id",
            "type": {
              "name": "String"
            }
          },
          {
            "name": "name",
            "type": {
              "name": "String"
            }
          }
        ]
      }
    }
  }
}
