---
source: tests/core/spec.rs
expression: formatter
---
schema @server @upstream {
  query: Query
}

union SearchResult = Person | Photo

type Page {
  title: String
}

type Person {
  age: Int
  name: String
}

type Photo {
  height: Int
  meta: PhotoMeta
  width: Int
}

type PhotoMeta {
  aparture: Int
  iso: Int
  shutter: Int
}

type Query {
  search: [SearchResult!]! @http(url: "http://upstream/search")
}
