---
source: tests/core/spec.rs
expression: client
---
scalar Date

scalar Email

scalar Empty

scalar JSON

scalar PhoneNumber

type Query {
  oneof__OneOfService__GetOneOf(request: oneof__Request!): oneof__Response!
}

scalar Url

type oneof__Command {
  command: String
}

input oneof__CommandInput {
  command: String
}

type oneof__Payload {
  payload: String
}

input oneof__PayloadInput {
  payload: String
}

input oneof__Request {
  command: oneof__CommandInput
  payload: oneof__PayloadInput
  usual: String
}

type oneof__Response {
  command: oneof__Command
  payload: oneof__Payload
  response: String
  usual: Int
}

schema {
  query: Query
}
