---
source: tests/core/spec.rs
expression: formatter
---
schema @server(hostname: "0.0.0.0", port: 8000) @upstream(httpCache: 42) {
  query: Query
}

type Post {
  body: String!
  id: Int!
  title: String!
  user: User @http(url: "http://jsonplaceholder.typicode.com/users/{{.value.userId}}")
  userId: Int!
}

type Query {
  posts: [Post] @http(url: "http://jsonplaceholder.typicode.com/posts")
}

type User {
  id: Int!
  name: String!
}
