---
source: tests/core/spec.rs
expression: formatter
---
schema @server @upstream {
  query: Query
}

type Query {
  users(id: ID): [User]
    @http(baseURL: "http://jsonplaceholder.typicode.com", path: "/users", query: [{key: "id", value: "{{.args.id}}"}])
}

type User {
  id: ID!
  name: String!
}
