---
source: tests/core/spec.rs
expression: merged
---
schema @server @upstream(baseURL: "https://jsonplaceholder.typicode.com", httpCache: 42) {
  query: Query
}

type Query {
  user(id: Int!): User @http(path: "/users/1")
}

type User {
  friend: User @http(path: "/friends/1")
  id: Int!
  name: String!
}
