---
source: tests/core/spec.rs
expression: formatter
snapshot_kind: text
---
schema @server @upstream @link(src: "schema_0.graphql", type: Config) {
  query: Query
  mutation: Mutation
}

input ConnectionInput {
  type: String
  user: UserInput
}

input UserInput {
  connections: [ConnectionInput] @http(url: "http://jsonplaceholder.typicode.com/connections/{{.value.id}}")
  id: Int!
  name: String
}

type Connection {
  type: String
  user: User
}

type Mutation {
  createUser(user: UserInput): User
    @http(url: "http://jsonplaceholder.typicode.com/user", body: "{{.args.user}}", method: "POST")
}

type Query {
  user: User @http(url: "http://jsonplaceholder.typicode.com/users/1")
}

type User {
  connections: [Connection] @http(url: "http://jsonplaceholder.typicode.com/connections/{{.value.id}}")
  id: Int!
  name: String
}
