---
source: tests/core/spec.rs
expression: response
snapshot_kind: text
---
{
  "status": 200,
  "headers": {
    "content-type": "application/json"
  },
  "body": {
    "data": {
      "createUser": {
        "name": "NewUser",
        "id": 111,
        "connections": [
          {
            "type": "friend",
            "user": {
              "name": "User1",
              "id": 1
            }
          }
        ]
      }
    }
  }
}
