---
source: tests/core/spec.rs
expression: formatter
snapshot_kind: text
---
schema @server(hostname: "0.0.0.0", port: 8000) @upstream @link(src: "schema_0.graphql", type: Config) {
  query: Query
}

type NodeA {
  name: String
  nodeB: NodeB
}

type NodeB {
  name: String
  nodeA: NodeA
}

type Query {
  queryNodeA: [NodeA] @graphQL(url: "http://localhost:8083/graphql", name: "queryNodeA")
}
