---
source: tests/core/spec.rs
expression: formatter
snapshot_kind: text
---
schema @server @upstream @link(src: "schema_0.graphql", type: Config) {
  query: Query
}

type Address {
  street: String
}

type Query {
  user: User @http(url: "http://jsonplaceholder.typicode.com/users/1")
}

type User @addField(name: "address", path: ["address", "street"]) {
  address: Address @modify(omit: true)
}
