---
source: tests/core/spec.rs
expression: client
---
scalar BigInt

scalar Bytes

scalar Date

scalar Email

scalar Empty

scalar JSON

scalar PhoneNumber

type Post {
  body: String!
  id: ID!
  title: String!
  userId: ID!
}

type Query {
  post1: Post
}

scalar UnsignedInt

scalar Url

schema {
  query: Query
}
