---
source: tests/core/spec.rs
expression: formatter
snapshot_kind: text
---
schema @server(vars: [{key: "id", value: "1"}]) @upstream @link(src: "schema_0.graphql", type: Config) {
  query: Query
}

type Query {
  user: [User] @http(url: "http://jsonplaceholder.typicode.com/users", query: [{key: "id", value: "{{.vars.id}}"}])
}

type User {
  id: Int
  name: String
}
