---
source: tests/core/spec.rs
expression: formatter
snapshot_kind: text
---
schema
  @server
  @upstream
  @link(src: "operation-user.graphql", type: Operation)
  @link(src: "schema_0.graphql", type: Config) {
  query: Query
}

type Query {
  user(id: Int!): User @http(url: "http://jsonplaceholder.typicode.com/users/{{.args.id}}")
}

type User {
  id: Int!
  name: String!
}
