---
source: tests/core/spec.rs
expression: formatter
---
schema @server(port: 8000) @upstream(baseURL: "http://example.com") {
  query: Query
}

type Bar {
  id: Int
}

type Foo {
  bar: Bar @http(path: "/bar", query: [{key: "id", value: "{{.value.id}}", skipEmpty: true}])
  id: Int!
}

type Query {
  foos: [Foo] @http(path: "/foos")
}
