---
source: tests/core/spec.rs
expression: errors
---
[
  {
    "message": "expected {news: Option<[{body: Option<String>, id: Option<Number>, postImage: Option<String>, title: Option<String>}]>} but found Option<{news: Option<[{body: Option<String>, id: Option<Number>, postImage: Option<String>, title: Option<String>}]>}>",
    "trace": [
      "Query",
      "news",
      "@grpc",
      "NewsData"
    ],
    "description": null
  }
]
