---
source: tests/core/spec.rs
expression: formatted
---
scalar Bytes

scalar Date

scalar Email

scalar Empty

scalar Int64

scalar Int64Str

scalar JSON

scalar PhoneNumber

type Query {
  int64(x: Int64): Int64
  int64Str(x: Int64Str): Int64Str
  uInt32(x: UInt32): UInt32
  uInt64(x: UInt64): UInt64
  uInt64Str(x: UInt64Str): UInt64Str
}

scalar UInt32

scalar UInt64

scalar UInt64Str

scalar Url

schema {
  query: Query
}
