---
source: tests/core/spec.rs
expression: formatter
snapshot_kind: text
---
schema @server @upstream @link(src: "schema_0.graphql", type: Config) {
  query: Query
}

type Query {
  user: User @http(url: "http://jsonplaceholder.typicode.com/foo") @cache(maxAge: 300)
}

type User @cache(maxAge: 900) {
  id: Int
  name: String
}
