---
source: tests/core/spec.rs
expression: formatted
---
type Bar {
  bar: String
}

scalar Date

scalar Email

scalar Empty

type Foo {
  foo: String
}

union FooBar = Bar | Foo

scalar JSON

type Nested {
  bar: FooBar
  foo: FooBar
}

scalar PhoneNumber

type Query {
  arr: [FooBar]
  bar: FooBar
  foo: FooBar
  nested: Nested
  unknown: FooBar
}

scalar Url

schema {
  query: Query
}
