---
source: tests/core/spec.rs
expression: errors
---
[
  {
    "message": "no argument 'id' found",
    "trace": [
      "tests/execution/test-missing-argument-on-all-resolvers.md 26#27"
    ],
    "description": null
  },
  {
    "message": "no argument 'id' found",
    "trace": [
      "tests/execution/test-missing-argument-on-all-resolvers.md 24#30"
    ],
    "description": null
  },
  {
    "message": "no argument 'url' found",
    "trace": [
      "tests/execution/test-missing-argument-on-all-resolvers.md 25#26"
    ],
    "description": null
  },
  {
    "message": "no argument 'id' found",
    "trace": [
      "tests/execution/test-missing-argument-on-all-resolvers.md 21#25"
    ],
    "description": null
  },
  {
    "message": "no argument 'id' found",
    "trace": [
      "tests/execution/test-missing-argument-on-all-resolvers.md 22#28"
    ],
    "description": null
  },
  {
    "message": "no argument 'id' found",
    "trace": [
      "tests/execution/test-missing-argument-on-all-resolvers.md 23#18"
    ],
    "description": null
  }
]
