---
source: tests/core/spec.rs
expression: errors
---
[
  {
    "message": "No resolver has been found in the schema",
    "trace": [
      "Query",
      "foo"
    ],
    "description": null
  },
  {
    "message": "No resolver has been found in the schema",
    "trace": [
      "Mutation",
      "a"
    ],
    "description": null
  },
  {
    "message": "type is used in input and output",
    "trace": [
      "B"
    ],
    "description": null
  },
  {
    "message": "expected string",
    "trace": [
      "tests/execution/test-all-blueprint-errors.md 10#21"
    ],
    "description": null
  }
]
