---
source: tests/core/spec.rs
expression: errors
---
[
  {
    "message": "Undeclared type 'User' was found",
    "trace": [
      "tests/execution/undeclared-type-no-base-url.md 6#3"
    ],
    "description": null
  },
  {
    "message": "No base URL defined",
    "trace": [
      "tests/execution/undeclared-type-no-base-url.md 6#17"
    ],
    "description": null
  }
]
