---
source: tests/core/spec.rs
expression: response
snapshot_kind: text
---
{
  "status": 200,
  "headers": {
    "content-type": "application/json"
  },
  "body": {
    "data": {
      "data": [
        {},
        {},
        {
          "spam": {
            "value": "spam-1"
          }
        },
        {
          "spam": {
            "value": "spam-2"
          }
        },
        {
          "spam": {
            "value": "spam-3"
          }
        }
      ]
    }
  }
}
