---
source: tests/execution_spec.rs
expression: merged
---
schema @server @upstream(baseURL: "http://jsonplaceholder.typicode.com") {
  query: Query
  mutation: Mutation
}

input PostInput {
  body: String
  title: String
  userId: Int
}

type Mutation {
  insertPost(input: PostInput): Post @http(body: "{{args.input}}", method: "POST", path: "/posts")
}

type Post {
  body: String
  id: Int
  title: String
  userId: Int
}

type Query {
  firstUser: User @http(path: "/users/1")
}

type User {
  id: Int
  name: String
  post: Post @call(mutation: "insertPost", args: {input: "{\"body\":\"user-body\", \"title\":\"user-title\", \"userId\":1}"})
}
