---
source: tests/execution_spec.rs
expression: merged
---
schema @server(responseHeaders: [{key: "Access-Control-Allow-Headers", value: "*"}, {key: "Access-Control-Allow-Methods", value: "POST, GET, OPTIONS"}, {key: "Access-Control-Allow-Origin", value: "*"}]) @upstream {
  query: Query
}

type Query {
  value: Int! @http(baseURL: "http://api.com", path: "/")
}
