---
source: tests/execution_spec.rs
expression: merged
---
schema @server(auth: [{id: "jwt", jwt: {jwks: {remote: {url: "http://localhost:3000/jwks", maxAge: 300000}}}}], graphiql: true, port: 8000) @upstream {
  query: Query
}

type Nested {
  name: String! @const(data: "protected nested name")
  protected: String! @const(data: "protected nested") @protected
}

type ProtectedType {
  name: String! @const(data: "protected type name")
  nested: String! @const(data: "protected type nested")
}

type Query {
  nested: Nested!
  protectedScalar: String! @const(data: "data from protected scalar") @protected
  protectedType: ProtectedType
  scalar: String! @const(data: "data from public scalar")
}
