---
source: tests/execution_spec.rs
expression: response
---
{
  "status": 200,
  "headers": {
    "content-type": "application/json"
  },
  "body": {
    "data": null,
    "errors": [
      {
        "message": "Failed to read config: Invalid Configuration\nCaused by:\n   •  --> 1:1\n  |\n1 | \"dsjfsjdfjdsfjkdskjfjkds\"\n  | ^---\n  |\n  = expected type_system_definition\n"
      }
    ]
  }
}
