---
source: tests/execution_spec.rs
expression: merged
---
schema @server @upstream(baseURL: "http://example.com", batch: {delay: 1,headers: [],maxSize: 1000}) {
  query: Query
}

type Bar {
  foo: [Foo] @http(groupBy: ["id"], path: "/foos", query: [{key: "id",value: "{{value.fooId}}"}])
  fooId: Int!
  id: Int!
}

type Foo {
  bar: Bar @http(groupBy: ["fooId"], path: "/bars", query: [{key: "fooId",value: "{{value.id}}"}])
  id: Int!
  name: String!
}

type Query {
  bars: [Bar] @http(path: "/bars")
  foos: [Foo] @http(path: "/foos")
}
