---
source: tests/execution_spec.rs
expression: merged
---
schema @server @upstream(baseURL: "http://jsonplaceholder.typicode.com", batch: {delay: 10, headers: [], maxSize: 100}, httpCache: true) {
  query: Query
}

type Post {
  body: String
  id: Int
  title: String
  user: User @http(batchKey: ["id"], path: "/users", query: [{key: "id", value: "{{value.userId}}"}, {key: "foo", value: "bar"}])
  userId: Int!
}

type Query {
  posts: [Post] @http(path: "/posts?id=11&id=3&foo=1")
}

type User {
  id: Int
  name: String
}
