---
source: tests/execution_spec.rs
expression: response
---
{
  "status": 200,
  "headers": {
    "content-type": "application/json"
  },
  "body": {
    "data": {
      "posts": [
        {
          "title": "a",
          "user": {
            "name": "Leanne Graham"
          }
        },
        {
          "title": "b",
          "user": {
            "name": "Leanne Graham"
          }
        },
        {
          "title": "c",
          "user": {
            "name": "Ervin Howell"
          }
        },
        {
          "title": "d",
          "user": {
            "name": "Ervin Howell"
          }
        }
      ]
    }
  }
}
