---
source: tests/execution_spec.rs
expression: errors
---
[
  {
    "message": "No resolver has been found in the schema",
    "trace": [
      "Query",
      "userWithoutResolver"
    ],
    "description": null
  },
  {
    "message": "no argument 'id' found",
    "trace": [
      "userWithGraphQLResolver"
    ],
    "description": null
  },
  {
    "message": "no argument 'id' found",
    "trace": [
      "userWithGraphQLResolver"
    ],
    "description": null
  },
  {
    "message": "no argument 'id' found",
    "trace": [
      "user"
    ],
    "description": null
  },
  {
    "message": "call must have query or mutation",
    "trace": [],
    "description": null
  },
  {
    "message": "userWithoutResolver field has no resolver",
    "trace": [],
    "description": null
  }
]
