---
source: tests/execution_spec.rs
expression: response
---
{
  "status": 200,
  "headers": {
    "content-type": "application/json"
  },
  "body": {
    "data": {
      "bars": [
        {
          "foo": {
            "id": 0
          },
          "id": "BVVLvrvaKTxZdgeFvbPbckXSorIxBZh4Jszyqh8SEjmXWIQmYUtglFnoImL33F5FYO25TXzQ3f7Zamx1sf3V2zFwdi4DNPDXIwHe"
        },
        {
          "foo": {
            "id": 1
          },
          "id": "ByVLvrvaKTxZdgeFvbPbckXSorIxBUh4Jszyqh8SEjmXWIQmYUtglFnoImL33F5FYO25TXzQ3f7Zamx1sf3V2zFwdi4DNPDXIwHe"
        },
        {
          "foo": {
            "id": 2
          },
          "id": "BVVLvrvaKTxZdgeFvbPbckXSorIxBUh4Jszyqh8SE3mXWIQmYUtglFnoImL33F5FYO25TXzQ3f7Zamx1sf3V2zFwdi4DNPDXIwHe"
        },
        {
          "foo": {
            "id": 3
          },
          "id": "BEVLvrvaKTxZdgeFvbPbckXSorIxBUh4Jszyqh8SEjmXWIQmYUtglFnoImL33F5FYO25TXzQ3f7Zamx1sf3V2zFwdi4DNPDXIwHe"
        },
        {
          "foo": {
            "id": 4
          },
          "id": "BVVLvrvaKTxZdgeFvbPbckXSorIxBUh4Jszyqh8SEjmXWIQmYUtglFnoImL33F5FYO25TXzQ3f7Zamx1sf3V2zFwdi4DFPDXIwHe"
        },
        {
          "foo": {
            "id": 5
          },
          "id": "BVVLvrvaKTxZdgeFvbPbckXSoYIxBUh4Jszyqh8SEjmXWIQmYUtglFnoImL33F5FYO25TXzQ3f7Zamx1sf3V2zFwdi4DNPDXIwHe"
        },
        {
          "foo": {
            "id": 6
          },
          "id": "BVVLvrvaKTxZigeFvbPbckXSorIxBUh4Jszyqh8SEjmXWIQmYUtglFnoImL33F5FYO25TXzQ3f7Zamx1sf3V2zFwdi4DNPDXIwHe"
        },
        {
          "foo": {
            "id": 7
          },
          "id": "BVVLvrvaKTxZdgeFvbPbckXSorIxBUh4Jszyqh8SEomXWIQmYUtglFnoImL33F5FYO25TXzQ3f7Zamx1sf3V2zFwdi4DNPDXIwHe"
        },
        {
          "foo": {
            "id": 8
          },
          "id": "BVVLvrvaKFxZdgeFvbPbckXSorIxBUh4Jszyqh8SEjmXWIQmYUtglFnoImL33F5FYO25TXzQ3f7Zamx1sf3V2zFwdi4DNPDXIwHe"
        },
        {
          "foo": {
            "id": 9
          },
          "id": "BVVLvrvaKTxZdgeFvePbckXSorIxBUh4Jszyqh8SEjmXWIQmYUtglFnoImL33F5FYO25TXzQ3f7Zamx1sf3V2zFwdi4DNPDXIwHe"
        },
        {
          "foo": {
            "id": 10
          },
          "id": "BVVLvrvaKTxZdgeFvbPbckXSorIxBUh4Jsz1qh8SEjmXWIQmYUtglFnoImL33F5FYO25TXzQ3f7Zamx1sf3V2zFwdi4DNPDXIwHe"
        },
        {
          "foo": {
            "id": 11
          },
          "id": "BVVLvrvaKTxZdgeFvbPbckXSorIxBUh4Jszyqh8SEjmXWIQmYUtglFnoImL33F5FYO25TXzQ5f7Zamx1sf3V2zFwdi4DNPDXIwHe"
        },
        {
          "foo": {
            "id": 12
          },
          "id": "BVVLvrvaKTxZdgeFvbPbckXSorIxBUh4Jszyqh8SEjmXWIQmYftglFnoImL33F5FYO25TXzQ3f7Zamx1sf3V2zFwdi4DNPDXIwHe"
        },
        {
          "foo": {
            "id": 13
          },
          "id": "BVVLvrvaKTxZdgeFvbPbckXSorIxBUh4Jszyqh8SEjmXWIQ7YUtglFnoImL33F5FYO25TXzQ3f7Zamx1sf3V2zFwdi4DNPDXIwHe"
        },
        {
          "foo": {
            "id": 14
          },
          "id": "BVVLvrvaKTxZdgeFvbPbckXSorIxBUh4Jszyqp8SEjmXWIQmYUtglFnoImL33F5FYO25TXzQ3f7Zamx1sf3V2zFwdi4DNPDXIwHe"
        },
        {
          "foo": {
            "id": 15
          },
          "id": "BVVLvrvaKTxZdgeFvbPbckXSorIxBUh4Jszyqh8SEjmXWIQmYUtglFnoImL33F5FYO25TXzQ3f7Zamx1sf3V2zFwdi4DNPDXIwHe"
        },
        {
          "foo": {
            "id": 16
          },
          "id": "BVVLvrvaKTxZdgeFvbPbckXSorIxBUh4Jszyqh8SEjmXWIQmYUtHlFnoImL33F5FYO25TXzQ3f7Zamx1sf3V2zFwdi4DNPDXIwHe"
        },
        {
          "foo": {
            "id": 17
          },
          "id": "BVVLvrvaKTxZdgeFvbPbczXSorIxBUh4Jszyqh8SEjmXWIQmYUtglFnoImL33F5FYO25TXzQ3f7Zamx1sf3V2zFwdi4DNPDXIwHe"
        },
        {
          "foo": {
            "id": 18
          },
          "id": "BVVLvrvaKTxZdgeF6bPbckXSorIxBUh4Jszyqh8SEjmXWIQmYUtglFnoImL33F5FYO25TXzQ3f7Zamx1sf3V2zFwdi4DNPDXIwHe"
        },
        {
          "foo": {
            "id": 19
          },
          "id": "BVVLvrvaKTxZdgeFGbPbckXSorIxBUh4Jszyqh8SEjmXWIQmYUtglFnoImL33F5FYO25TXzQ3f7Zamx1sf3V2zFwdi4DNPDXIwHe"
        },
        {
          "foo": {
            "id": 20
          },
          "id": "BVVLvrvaKTxZdgeFvbPbckXSxrIxBUh4Jszyqh8SEjmXWIQmYUtglFnoImL33F5FYO25TXzQ3f7Zamx1sf3V2zFwdi4DNPDXIwHe"
        },
        {
          "foo": {
            "id": 21
          },
          "id": "BVVLvrvaKTxZdgeFvbPbckXSo9IxBUh4Jszyqh8SEjmXWIQmYUtglFnoImL33F5FYO25TXzQ3f7Zamx1sf3V2zFwdi4DNPDXIwHe"
        },
        {
          "foo": {
            "id": 22
          },
          "id": "BVVLvrvaKTxZdgeFvbPbckXSorIxBUh4Jszyqh8SEjrXWIQmYUtglFnoImL33F5FYO25TXzQ3f7Zamx1sf3V2zFwdi4DNPDXIwHe"
        },
        {
          "foo": {
            "id": 23
          },
          "id": "BVVLvrvaKTxZdgeFvbPbckXSorIxBUh4Jszyqh8SEjmXWIQmYUtglFnoImL33F5FtO25TXzQ3f7Zamx1sf3V2zFwdi4DNPDXIwHe"
        },
        {
          "foo": {
            "id": 24
          },
          "id": "BVVLvrvaKTxZdgeFvbPbckXSorIxBUh4Jszyqh8SEjmXWIQmYUtglFnoImL33F5FYO25TXzQ3f7Zamx1sf3n2zFwdi4DNPDXIwHe"
        },
        {
          "foo": {
            "id": 25
          },
          "id": "BVVLvrvaKTxZdgeFvbPbckXSorIxBUh4Jszyqh8SEjmXWIQmYUtglFnoImL33F5FoO25TXzQ3f7Zamx1sf3V2zFwdi4DNPDXIwHe"
        },
        {
          "foo": {
            "id": 26
          },
          "id": "BVVLvVvaKTxZdgeFvbPbckXSorIxBUh4Jszyqh8SEjmXWIQmYUtglFnoImL33F5FYO25TXzQ3f7Zamx1sf3V2zFwdi4DNPDXIwHe"
        },
        {
          "foo": {
            "id": 27
          },
          "id": "BVVLvrvaKTxZdgeFvbPbckXSorIxBUh4Jszyqh8SEjmXWIQmYUtglFnoImL33F5FYO25TXzQ3f7Zamx1sf3VpzFwdi4DNPDXIwHe"
        },
        {
          "foo": {
            "id": 28
          },
          "id": "BVVLvrvaKTxZdgeFvbPbckXSorIxBUh4Jszyqh8SEjmXWIQmYUtglFnoumL33F5FYO25TXzQ3f7Zamx1sf3V2zFwdi4DNPDXIwHe"
        },
        {
          "foo": {
            "id": 29
          },
          "id": "BVVLvrvaKTYZdgeFvbPbckXSorIxBUh4Jszyqh8SEjmXWIQmYUtglFnoImL33F5FYO25TXzQ3f7Zamx1sf3V2zFwdi4DNPDXIwHe"
        },
        {
          "foo": {
            "id": 30
          },
          "id": "BVVLvrvaKTxZdgeFvbPbckXSorIxBUh4Jszyqh8SEjmXWIQmYUtgRFnoImL33F5FYO25TXzQ3f7Zamx1sf3V2zFwdi4DNPDXIwHe"
        },
        {
          "foo": {
            "id": 31
          },
          "id": "BVVLvrvaKTxZdgeFvbPbckXSorIxBUh4Jszyqh8SEjmXWIQmYUtglFnoImL33F5FYO25TXzQ3f7Zamx1sfZV2zFwdi4DNPDXIwHe"
        },
        {
          "foo": {
            "id": 32
          },
          "id": "BVVLvrvaKTxZdgeFvbPbckXSorIxBUh4Jszyqh8SEjmXWIQmYUtglFnoImL33F5FYO25TXzQ3f7Zamx1sf3V2zFwdi4DNPDXIwKe"
        },
        {
          "foo": {
            "id": 33
          },
          "id": "BVVLvrvaKTxZdgeFvbPbckXSorIxBUh4Jjzyqh8SEjmXWIQmYUtglFnoImL33F5FYO25TXzQ3f7Zamx1sf3V2zFwdi4DNPDXIwHe"
        },
        {
          "foo": {
            "id": 34
          },
          "id": "BVVLvrvaKTxZdgeFvbPbckXSorIxBUh4Jszyqh8SEjmcWIQmYUtglFnoImL33F5FYO25TXzQ3f7Zamx1sf3V2zFwdi4DNPDXIwHe"
        },
        {
          "foo": {
            "id": 35
          },
          "id": "BVVLvrvaKTxZdgeFvbPbckXSorIxBUh4Jszyqh8SEjmXWIQmYUtglFnoImL33F5FYO25TXzQ3f7Zamx1sf3V2zFw4i4DNPDXIwHe"
        },
        {
          "foo": {
            "id": 36
          },
          "id": "BVVLvrvaKTxZdgeFvbPbckXSorIxBUh4Jszyqh8SEjmXWIQmYUtglFnoImL3345FYO25TXzQ3f7Zamx1sf3V2zFwdi4DNPDXIwHe"
        },
        {
          "foo": {
            "id": 37
          },
          "id": "BVVLvrvaKTxZdgaFvbPbckXSorIxBUh4Jszyqh8SEjmXWIQmYUtglFnoImL33F5FYO25TXzQ3f7Zamx1sf3V2zFwdi4DNPDXIwHe"
        },
        {
          "foo": {
            "id": 38
          },
          "id": "BVVLvrvaKTxZdgeFvbPbckXSorIxBUh4Jszyqh8SEjmXWIQmYUtglFnoImR33F5FYO25TXzQ3f7Zamx1sf3V2zFwdi4DNPDXIwHe"
        },
        {
          "foo": {
            "id": 39
          },
          "id": "BVVLvrvaKTxZdgeFvbPbckXRorIxBUh4Jszyqh8SEjmXWIQmYUtglFnoImL33F5FYO25TXzQ3f7Zamx1sf3V2zFwdi4DNPDXIwHe"
        },
        {
          "foo": {
            "id": 40
          },
          "id": "BVVLvrvfKTxZdgeFvbPbckXSorIxBUh4Jszyqh8SEjmXWIQmYUtglFnoImL33F5FYO25TXzQ3f7Zamx1sf3V2zFwdi4DNPDXIwHe"
        },
        {
          "foo": {
            "id": 41
          },
          "id": "BVVLvrvaKTxZdgeFvbPbckXSorIxBUh4Jszyqh8SEjmXWIQmYUtglFnoImL33F5FYO25TXzQIf7Zamx1sf3V2zFwdi4DNPDXIwHe"
        },
        {
          "foo": {
            "id": 42
          },
          "id": "BVVLvrvaKTxZdgeFvbPbckXSorIxBUh4Jszyqh8SEjmXWIQmYUtglFnOImL33F5FYO25TXzQ3f7Zamx1sf3V2zFwdi4DNPDXIwHe"
        },
        {
          "foo": {
            "id": 43
          },
          "id": "BVVLvrvaKTxZdgeFvbPmckXSorIxBUh4Jszyqh8SEjmXWIQmYUtglFnoImL33F5FYO25TXzQ3f7Zamx1sf3V2zFwdi4DNPDXIwHe"
        },
        {
          "foo": {
            "id": 44
          },
          "id": "BVVLvrvaKTxZdgeFvbPbc9XSorIxBUh4Jszyqh8SEjmXWIQmYUtglFnoImL33F5FYO25TXzQ3f7Zamx1sf3V2zFwdi4DNPDXIwHe"
        },
        {
          "foo": {
            "id": 45
          },
          "id": "BVVLvrvaKTxZdgeFvbPbckXSorIxBUh4Jszyqh8SEjmXWIQmYUtglFnoImL33F5FYO25TXzQ3q7Zamx1sf3V2zFwdi4DNPDXIwHe"
        },
        {
          "foo": {
            "id": 46
          },
          "id": "BVVLvrvaKTxZdgeFkbPbckXSorIxBUh4Jszyqh8SEjmXWIQmYUtglFnoImL33F5FYO25TXzQ3f7Zamx1sf3V2zFwdi4DNPDXIwHe"
        },
        {
          "foo": {
            "id": 47
          },
          "id": "BVVLvrvaKTxZdgeFvbPbckXSorIxBUh4Jszyqh8SEjmXWIQmYUtglFnoTmL33F5FYO25TXzQ3f7Zamx1sf3V2zFwdi4DNPDXIwHe"
        },
        {
          "foo": {
            "id": 48
          },
          "id": "BVVLvrvaKTxZdgeFvbPbckXSorIxBUh4Jszyqh8SEjmXWIFmYUtglFnoImL33F5FYO25TXzQ3f7Zamx1sf3V2zFwdi4DNPDXIwHe"
        },
        {
          "foo": {
            "id": 49
          },
          "id": "BVVLvrvaKTxZdgeFvbPbckXSorIxBUh4Jszyqh8SEjmXWIQmYUtglFnoImL33d5FYO25TXzQ3f7Zamx1sf3V2zFwdi4DNPDXIwHe"
        },
        {
          "foo": {
            "id": 50
          },
          "id": "BVVLvrvaKTxZdgeFvbPbckXSosIxBUh4Jszyqh8SEjmXWIQmYUtglFnoImL33F5FYO25TXzQ3f7Zamx1sf3V2zFwdi4DNPDXIwHe"
        },
        {
          "foo": {
            "id": 51
          },
          "id": "BVVLvrvaKTxZdgeFvbPbckXSorIxBUh4Jszyqh8SVjmXWIQmYUtglFnoImL33F5FYO25TXzQ3f7Zamx1sf3V2zFwdi4DNPDXIwHe"
        },
        {
          "foo": {
            "id": 52
          },
          "id": "BVVLvrvaKTxZdgeFvbPbckXSorIxBUh4JszyJh8SEjmXWIQmYUtglFnoImL33F5FYO25TXzQ3f7Zamx1sf3V2zFwdi4DNPDXIwHe"
        },
        {
          "foo": {
            "id": 53
          },
          "id": "BVVLvrvaKTxZdgeFvbPbckXSorIxBUh4Jszyqh8SEjmXWIQmYUtglFhoImL33F5FYO25TXzQ3f7Zamx1sf3V2zFwdi4DNPDXIwHe"
        },
        {
          "foo": {
            "id": 54
          },
          "id": "BVVLvrvaKTxZdgeFvbPbckXSSrIxBUh4Jszyqh8SEjmXWIQmYUtglFnoImL33F5FYO25TXzQ3f7Zamx1sf3V2zFwdi4DNPDXIwHe"
        },
        {
          "foo": {
            "id": 55
          },
          "id": "BVVLvrvaKTxZdgeFvbPbckXSorIxBUh4Jszyqh8SEjmXWIQmYUtglFnoImL33F5FYO25TXzQ3f7Za6x1sf3V2zFwdi4DNPDXIwHe"
        },
        {
          "foo": {
            "id": 56
          },
          "id": "BVVLvrvaKTxZdgeFwbPbckXSorIxBUh4Jszyqh8SEjmXWIQmYUtglFnoImL33F5FYO25TXzQ3f7Zamx1sf3V2zFwdi4DNPDXIwHe"
        },
        {
          "foo": {
            "id": 57
          },
          "id": "BVVLvrvaKTxZdgeFvbPbckXSorIxBUh4Jszyqh8SIjmXWIQmYUtglFnoImL33F5FYO25TXzQ3f7Zamx1sf3V2zFwdi4DNPDXIwHe"
        },
        {
          "foo": {
            "id": 58
          },
          "id": "BVVLvrvaKTxZdgeFvbPbckXSorIxBUh4Jszyqh8SEjmXWIQmYUtglFnoImt33F5FYO25TXzQ3f7Zamx1sf3V2zFwdi4DNPDXIwHe"
        },
        {
          "foo": {
            "id": 59
          },
          "id": "BVVLvrvaKTxZdgeFvbPbckXSorIxBUh4Jszyqh8SEjmXWIQmYUtglFnoIwL33F5FYO25TXzQ3f7Zamx1sf3V2zFwdi4DNPDXIwHe"
        },
        {
          "foo": {
            "id": 60
          },
          "id": "BVVLvrvaKTxZdgeFvbPbckXSorIxBUh4Jszyqh8SEjmXWIQmYUtglFnoImL33F5FYO25TXzQ3f7Zamx1sf3V2zFwdw4DNPDXIwHe"
        },
        {
          "foo": {
            "id": 61
          },
          "id": "BVVLvrvaKTxZdgeFvbPbckXSorIxBUh4J6zyqh8SEjmXWIQmYUtglFnoImL33F5FYO25TXzQ3f7Zamx1sf3V2zFwdi4DNPDXIwHe"
        },
        {
          "foo": {
            "id": 62
          },
          "id": "BVVLvrvaKTxZdgeFvbPbckXSorIxBUh4Jskyqh8SEjmXWIQmYUtglFnoImL33F5FYO25TXzQ3f7Zamx1sf3V2zFwdi4DNPDXIwHe"
        },
        {
          "foo": {
            "id": 63
          },
          "id": "BVVLvrvaKTxZdgeFvbPbckXSorIxBUh4Jszyqh8SEjmXWIQmYUtglFnoImL33F5FYO25TXzQ3f7Zamx1sf3V2NFwdi4DNPDXIwHe"
        },
        {
          "foo": {
            "id": 64
          },
          "id": "BVVLvrvaKTxZdgeFvbPbckXSorFxBUh4Jszyqh8SEjmXWIQmYUtglFnoImL33F5FYO25TXzQ3f7Zamx1sf3V2zFwdi4DNPDXIwHe"
        },
        {
          "foo": {
            "id": 65
          },
          "id": "BVVLvrvaKTxZdgeFvbPbckXSorIxBUh4Jszyqh8SEjmXWIQmYUtglFnoImL33F5FYO25yXzQ3f7Zamx1sf3V2zFwdi4DNPDXIwHe"
        },
        {
          "foo": {
            "id": 66
          },
          "id": "BVVLvrvaKTxZdgeFvbPbckXSorIxBUh4lszyqh8SEjmXWIQmYUtglFnoImL33F5FYO25TXzQ3f7Zamx1sf3V2zFwdi4DNPDXIwHe"
        },
        {
          "foo": {
            "id": 67
          },
          "id": "BVVLvrvaKTxZdgeFvbPbckXSorIxBUh4Jszyqh8SEjmXWIQmYUtglFnoImL33F5FYO25TXzQ3f7Zamx1sf3V2zFmdi4DNPDXIwHe"
        },
        {
          "foo": {
            "id": 68
          },
          "id": "BVVLvrvaKTxZdgeFvbPbckXSorIxBUh4Jsjyqh8SEjmXWIQmYUtglFnoImL33F5FYO25TXzQ3f7Zamx1sf3V2zFwdi4DNPDXIwHe"
        },
        {
          "foo": {
            "id": 69
          },
          "id": "BVVLvrvaKTxZdgeFvbPbckXSorIxBUh4Jszyqh8SEjmXWIQmYUtglFnoImL33F5FYO25TXzQ3f7Zamx1sfXV2zFwdi4DNPDXIwHe"
        },
        {
          "foo": {
            "id": 70
          },
          "id": "BVVLvrvaKTxZdgeFvbPbckXSorIxBUh4Jszyqh8SEjmXWIQmYUtglFnoImL33F5FYe25TXzQ3f7Zamx1sf3V2zFwdi4DNPDXIwHe"
        },
        {
          "foo": {
            "id": 71
          },
          "id": "BVVLvrvaKTxZdgeFvbPbckXSogIxBUh4Jszyqh8SEjmXWIQmYUtglFnoImL33F5FYO25TXzQ3f7Zamx1sf3V2zFwdi4DNPDXIwHe"
        },
        {
          "foo": {
            "id": 72
          },
          "id": "BVVLvrvaKTxZdgeFvbPbckXSorIxBUh4Jszyqh8SEjmXWIQmYUtglFnoImL33n5FYO25TXzQ3f7Zamx1sf3V2zFwdi4DNPDXIwHe"
        },
        {
          "foo": {
            "id": 73
          },
          "id": "BVVLvrvaKTxZqgeFvbPbckXSorIxBUh4Jszyqh8SEjmXWIQmYUtglFnoImL33F5FYO25TXzQ3f7Zamx1sf3V2zFwdi4DNPDXIwHe"
        },
        {
          "foo": {
            "id": 74
          },
          "id": "BVVLvrvaKTxZdgeFvbPbckXSorIxBUh4Jszyqh8SEjmXWIQmYUtglFnoImL33F5FYO25TXzQ3f7Zamx1sf3V2zFwJi4DNPDXIwHe"
        },
        {
          "foo": {
            "id": 75
          },
          "id": "BVVLvrvaKTxZdgeFvbPbckXSorIxBUh4Jszyqh8SEjmXWIQmYUtglFnoKmL33F5FYO25TXzQ3f7Zamx1sf3V2zFwdi4DNPDXIwHe"
        },
        {
          "foo": {
            "id": 76
          },
          "id": "BVVLvrvaKTxZdgeFvbPbckXSorIxBUh4Jszyqh8SEjmXWIQmYUtglFnoImL33F5FY625TXzQ3f7Zamx1sf3V2zFwdi4DNPDXIwHe"
        },
        {
          "foo": {
            "id": 77
          },
          "id": "BVVLvrvaKTzZdgeFvbPbckXSorIxBUh4Jszyqh8SEjmXWIQmYUtglFnoImL33F5FYO25TXzQ3f7Zamx1sf3V2zFwdi4DNPDXIwHe"
        },
        {
          "foo": {
            "id": 78
          },
          "id": "BVVLvrvaKTxZdgeFvbPbckXSorIxBUh4Jszyqh8SEjmXWIQmYUtglFnoIFL33F5FYO25TXzQ3f7Zamx1sf3V2zFwdi4DNPDXIwHe"
        },
        {
          "foo": {
            "id": 79
          },
          "id": "BVVLvrvNKTxZdgeFvbPbckXSorIxBUh4Jszyqh8SEjmXWIQmYUtglFnoImL33F5FYO25TXzQ3f7Zamx1sf3V2zFwdi4DNPDXIwHe"
        },
        {
          "foo": {
            "id": 80
          },
          "id": "BVVLvrvaKTMZdgeFvbPbckXSorIxBUh4Jszyqh8SEjmXWIQmYUtglFnoImL33F5FYO25TXzQ3f7Zamx1sf3V2zFwdi4DNPDXIwHe"
        },
        {
          "foo": {
            "id": 81
          },
          "id": "BVVLvrvaKTxZdgeFvbPbckXSorIxBUh4Jszyqh8SEjmXWIQmYUtglFyoImL33F5FYO25TXzQ3f7Zamx1sf3V2zFwdi4DNPDXIwHe"
        },
        {
          "foo": {
            "id": 82
          },
          "id": "BVVLvrvaKTxZdgeFvbPbckXSorIxBUh4Jszyqh8SEjmXWIQmYUtglFnoImL33F5FYO25TXzQ3f7Zamx1sf3VqzFwdi4DNPDXIwHe"
        },
        {
          "foo": {
            "id": 83
          },
          "id": "BVVLvrvaKTxZdgeFvbPbckXSorIxBUh4oszyqh8SEjmXWIQmYUtglFnoImL33F5FYO25TXzQ3f7Zamx1sf3V2zFwdi4DNPDXIwHe"
        },
        {
          "foo": {
            "id": 84
          },
          "id": "BVVLvrvaKTxZdgeFvbPbckXSorIxBUh4Jszyqh8SEjmXWIQmYUtglFnoImL33F5FYO25TXzQ3f7Zamx1sf3V2zFwdi4DNPDHIwHe"
        },
        {
          "foo": {
            "id": 85
          },
          "id": "BVVLvrvaKvxZdgeFvbPbckXSorIxBUh4Jszyqh8SEjmXWIQmYUtglFnoImL33F5FYO25TXzQ3f7Zamx1sf3V2zFwdi4DNPDXIwHe"
        },
        {
          "foo": {
            "id": 86
          },
          "id": "BVVLvrvaKTxZdgeFvbPbckXSorIxBUh4Jszyqh8SEjmXWIQmYUtglFnoImL33F5FYO25TXzQ3f7Zamx1yf3V2zFwdi4DNPDXIwHe"
        },
        {
          "foo": {
            "id": 87
          },
          "id": "BVVLvrvaKTxZdgeFvbPbckXSorIxBUh4Jszyqh8SEjmXWIQmYUtglFnoImL33F5FYO25TXzQ3f8Zamx1sf3V2zFwdi4DNPDXIwHe"
        },
        {
          "foo": {
            "id": 88
          },
          "id": "BVVLvrvaKTxZdgeFvbPbckXSorIxBUh4Jszyqh8SEjmXWIQmYUtglFnoImL33F5FYO25rXzQ3f7Zamx1sf3V2zFwdi4DNPDXIwHe"
        },
        {
          "foo": {
            "id": 89
          },
          "id": "BVVLvrvaKTxZdgPFvbPbckXSorIxBUh4Jszyqh8SEjmXWIQmYUtglFnoImL33F5FYO25TXzQ3f7Zamx1sf3V2zFwdi4DNPDXIwHe"
        },
        {
          "foo": {
            "id": 90
          },
          "id": "BVVLvrvaKTxZdgeFvbPbckXSorIxBUh4Jszyqh8SEjmXWIQmYUtglFnoImL33F5FYO25TXzQ3f7Zamx1sf3V2zFwdi45NPDXIwHe"
        },
        {
          "foo": {
            "id": 91
          },
          "id": "BVVLvrvaKTxZdgeFvbPbckXSorIxBUh4Jszyqh8SEjmXWIQmYUtglFnoImL33F5FYO25TXzQHf7Zamx1sf3V2zFwdi4DNPDXIwHe"
        },
        {
          "foo": {
            "id": 92
          },
          "id": "BVVLvrvaKTxZdgeFvbPb9kXSorIxBUh4Jszyqh8SEjmXWIQmYUtglFnoImL33F5FYO25TXzQ3f7Zamx1sf3V2zFwdi4DNPDXIwHe"
        },
        {
          "foo": {
            "id": 93
          },
          "id": "BVVLvrvaKTxZdgeFvbPbckXSorIxBUh4Jszyqh8SEjmXWIQmYUtglFnonmL33F5FYO25TXzQ3f7Zamx1sf3V2zFwdi4DNPDXIwHe"
        },
        {
          "foo": {
            "id": 94
          },
          "id": "BVVLvrvaKTxZdgeFvbPbckXSorIxBUhkJszyqh8SEjmXWIQmYUtglFnoImL33F5FYO25TXzQ3f7Zamx1sf3V2zFwdi4DNPDXIwHe"
        },
        {
          "foo": {
            "id": 95
          },
          "id": "BVVLvrvFKTxZdgeFvbPbckXSorIxBUh4Jszyqh8SEjmXWIQmYUtglFnoImL33F5FYO25TXzQ3f7Zamx1sf3V2zFwdi4DNPDXIwHe"
        },
        {
          "foo": {
            "id": 96
          },
          "id": "BVVLvrvaKTxZdgeFvbPbckXSorIxBUh4Jszyqh8SEjmXWIQmYUtglFnoImL33F5SYO25TXzQ3f7Zamx1sf3V2zFwdi4DNPDXIwHe"
        },
        {
          "foo": {
            "id": 97
          },
          "id": "BVVLvrvaKTxZdgeFvbPbckXSorIxBUh4Pszyqh8SEjmXWIQmYUtglFnoImL33F5FYO25TXzQ3f7Zamx1sf3V2zFwdi4DNPDXIwHe"
        },
        {
          "foo": {
            "id": 98
          },
          "id": "BVVLvrvaKTxZdgeFvbPbckXSorIxBUh4Jszyqh8SEjmXWIQmYUtgHFnoImL33F5FYO25TXzQ3f7Zamx1sf3V2zFwdi4DNPDXIwHe"
        },
        {
          "foo": {
            "id": 99
          },
          "id": "BVVLvrvaKTxZdgeFvbPbckXSorIxBUh4Jszyqh8SEjmXWIQmIUtglFnoImL33F5FYO25TXzQ3f7Zamx1sf3V2zFwdi4DNPDXIwHe"
        }
      ]
    }
  }
}
