---
source: tests/jit_spec.rs
expression: data
---
{
  "users": [
    {
      "email": "Sincere@april.biz"
    },
    {
      "email": "Shanna@melissa.tv"
    },
    {
      "email": "Nathan@yesenia.net"
    },
    {
      "email": "Julianne.OConner@kory.org"
    },
    {
      "email": "Lucio_Hettinger@annie.ca"
    },
    {
      "email": "Karley_Dach@jasper.info"
    },
    {
      "email": "Telly.Hoeger@billy.biz"
    },
    {
      "email": "Sherwood@rosamond.me"
    },
    {
      "email": "Chaim_McDermott@dana.io"
    },
    {
      "email": "Rey.Padberg@karina.biz"
    }
  ]
}
