---
source: tests/jit_spec.rs
expression: response
snapshot_kind: text
---
{
  "data": {
    "users": [
      {
        "id": 1,
        "name": "Leanne Graham",
        "email": "Sincere@april.biz",
        "phone": "1-770-736-8031 x56442",
        "username": "Bret"
      },
      {
        "id": 2,
        "name": "Ervin Howell",
        "email": "Shanna@melissa.tv",
        "phone": "010-692-6593 x09125",
        "username": "Antonette"
      },
      {
        "id": 3,
        "name": "Clementine Bauch",
        "email": "Nathan@yesenia.net",
        "phone": "1-463-123-4447",
        "username": "Samantha"
      },
      {
        "id": 4,
        "name": "Patricia Lebsack",
        "email": "Julianne.OConner@kory.org",
        "phone": "493-170-9623 x156",
        "username": "Karianne"
      },
      {
        "id": 5,
        "name": "Chelsey Dietrich",
        "email": "Lucio_Hettinger@annie.ca",
        "phone": "(254)954-1289",
        "username": "Kamren"
      },
      {
        "id": 6,
        "name": "Mrs. Dennis Schulist",
        "email": "Karley_Dach@jasper.info",
        "phone": "1-477-935-8478 x6430",
        "username": "Leopoldo_Corkery"
      },
      {
        "id": 7,
        "name": "Kurtis Weissnat",
        "email": "Telly.Hoeger@billy.biz",
        "phone": "210.067.6132",
        "username": "Elwyn.Skiles"
      },
      {
        "id": 8,
        "name": "Nicholas Runolfsdottir V",
        "email": "Sherwood@rosamond.me",
        "phone": "586.493.6943 x140",
        "username": "Maxime_Nienow"
      },
      {
        "id": 9,
        "name": "Glenna Reichert",
        "email": "Chaim_McDermott@dana.io",
        "phone": "(775)976-6794 x41206",
        "username": "Delphine"
      },
      {
        "id": 10,
        "name": "Clementina DuBuque",
        "email": "Rey.Padberg@karina.biz",
        "phone": "024-648-3804",
        "username": "Moriah.Stanton"
      }
    ]
  }
}
