---
source: src/generator/from_proto.rs
expression: config
---
schema @server @upstream {
  query: Query
}

type Query {
  person__GetPerson: person__Person! @grpc(method: "person.GetPerson")
}

type person__Person {
  email: String
  id: Int!
  name: String!
  phone: [person__PhoneNumber]!
  stringMap: JSON
}

type person__PhoneNumber {
  number: String!
  type: String
}
