---
source: src/generator/from_proto.rs
expression: config
---
schema @server @upstream {
  query: Query
}

type PERSON_PERSON @tag(id: "person.Person") {
  email: String
  id: Int!
  name: String!
  phone: [PERSON_PHONE_NUMBER]!
  string_map: JSON
}

type PERSON_PHONE_NUMBER @tag(id: "person.PhoneNumber") {
  number: String!
  type: String
}

type Query {
  person_person_service_get_person: PERSON_PERSON! @grpc(method: "person.PersonService.GetPerson")
}
